graph BT

%% ---------- Horizons --------------
subgraph Now Horizon
    Now(-The Now House-)
end
subgraph horizon 1
    People_UXDeployments((UX Deployments))
    People_OverTheFence((Remove Over\nthe Fence))

    Tools_SingleWorkFlow((Single\nWorkflow))
    Tools_IssueTypes((Single set\nof Issue Types))
end
subgraph horizon 2

    People_UXupskillBA((UX to\nupskill BA))
    People_TeamWork((Encourage\nTeam Work))

    Tools_VersionsDefined((Versions\nDefined))    

    Practices_EvolveBot((Evolve\nthe bot))
    Agility_Personas((Project Personas\nare known\nand used))
    Practices_CodeReviews((Code\nReviews))

    Milestone1>M1: Worflow\nUpdated]
end
subgraph horizon 3

    Practices_PreWorkHuddles((Pre-Work\nHuddles))

    Agility_DOD((New DOD))
    Agility_Showcases((Get better\nshowcases))

    People_IterationReportsAutomated((Iteration\nReports\nAutomated))

    Agility_HasEpics((Each project\nhas epics))
end 
subgraph horizon 4
    Milestone2>M2: New WOW\nBooklet]

    People_IterationLength((2 week\nIterations))

    Tools_Metrics((Team\nMetrics))

    Agility_LanguageUpdate((Agility\nLangugage\nUpdate))
end 
subgraph horizon 5    
    People_RemoveChecklists((Checklists to\nbecome DOD))
   
    Practices_DevOps((DevOps\nMentality))

    Agility_INVEST((INVEST\nprinciples))    
end 
subgraph Goal Horizon
    Goal(-fa:fa-flag-)
end
subgraph legend
    People[People\nStream]
    Tools[Tools\nStream] 
    Practices[Practices\nStream]
    Agility[Agility\nPractices]
    Milestones[Milestones]
end

%% -------- Link Initiatives -----------

%% People Stream 
Now --> People_UXDeployments
Now --> People_OverTheFence
Now --> People_IterationLength

People_UXDeployments --> People_UXupskillBA
People_OverTheFence --> People_TeamWork
People_IterationLength --> People_IterationReportsAutomated
People_IterationReportsAutomated --> People_RemoveChecklists

People_UXupskillBA --> Goal
People_TeamWork --> People_UXupskillBA 
People_RemoveChecklists --> Goal 

%% Tools Stream 
Now --> Tools_SingleWorkFlow

Tools_SingleWorkFlow --> Tools_IssueTypes
Tools_IssueTypes --> Tools_VersionsDefined
Tools_VersionsDefined --> Tools_Metrics

Tools_Metrics --> Goal 

%% Practices Stream 
Now --> Practices_PreWorkHuddles

Practices_PreWorkHuddles --> Practices_CodeReviews
Practices_CodeReviews --> Practices_EvolveBot
Practices_PreWorkHuddles --> Practices_DevOps

Practices_EvolveBot -->  Goal
Practices_DevOps --> Goal 

%% Agility Practices
Now --> Agility_Showcases
Now --> Agility_DOD
Now --> Agility_LanguageUpdate

Agility_Showcases --> People_IterationReportsAutomated
Agility_DOD --> People_RemoveChecklists
Agility_DOD --> Agility_Personas
Agility_Personas --> Agility_HasEpics
Agility_HasEpics --> Agility_INVEST

Agility_LanguageUpdate --> Goal 
Agility_INVEST --> Goal

%% ---------- Milestones ---------------
Tools_SingleWorkFlow -.-> Milestone1
Tools_IssueTypes -.-> Milestone1
Agility_DOD -.-> Milestone1

People_RemoveChecklists -.-> Milestone2
Agility_LanguageUpdate -.-> Milestone2

%% --------- Hyperlinks ----------------
click Goal "https://docs.munromaps.com.au/strategy/the-mechanics/smart-goal"
click Now "https://docs.munromaps.com.au/strategy/the-mechanics/the-now-house"

%% ---------- Style --------------------
%% (Included Mermaid Configuration)
class Goal goalStyle
class Now nowStyle